// Jest Snapshot v1, https://goo.gl/fbAQLP

exports[`error logging, #1836 1`] = `
", [mobx] Encountered an uncaught exception that was thrown by a reaction or observer component, in: 'Reaction[Autorun@71], Error: Reaction error
, Error: Action error
"
`;
